// Jest Snapshot v1, https://goo.gl/fbAQLP

exports[`LanguagesList render installed languages should show a list of installed languages 1`] = `
<div>
  <div
    class="tw-content"
    data-testid="settings-languages"
    style="width: 100%; overflow-y: auto;"
  >
    <div
      class="flex flex-col h-full"
    >
      <div
        class="flex-grow p-5"
      >
        <div
          class="flex items-center"
        >
          <a
            class="block lg:hidden"
            href="/settings"
            to="/settings"
          >
            <div
              class="flex mr-3"
            >
              <svg
                aria-hidden="true"
                class="w-6 h-6"
                fill="none"
                stroke="currentColor"
                stroke-width="1.5"
                viewBox="0 0 24 24"
                xmlns="http://www.w3.org/2000/svg"
              >
                <path
                  d="M15.75 19.5L8.25 12l7.5-7.5"
                  stroke-linecap="round"
                  stroke-linejoin="round"
                />
              </svg>
              <span
                class="sr-only"
              >
                <span
                  class="translation active"
                >
                  Navigate back
                </span>
              </span>
            </div>
          </a>
          <h1
            class="text-base text-gray-700"
          >
            <span
              class="translation active"
            >
              Languages
            </span>
          </h1>
        </div>
        <div
          class="mt-4"
          data-testid="languages"
        >
          <div
            class="relative"
            data-testid="table-element"
          >
            <div
              class="absolute bg-white dark:bg-black w-full h-full top-0 left-0 rounded-lg drop-shadow-md -z-10"
            />
            <table
              class="w-full text-left text-sm text-gray-500 dark:text-gray-400"
              role="table"
            >
              <caption
                class="p-5 text-lg font-semibold text-left text-gray-900 bg-white"
              >
                <span
                  class="translation active"
                >
                  Active languages
                </span>
              </caption>
              <thead
                class="group/head text-xs uppercase text-gray-700 dark:text-gray-400"
              >
                <tr>
                  <th
                    class="group-first/head:first:rounded-tl-lg group-first/head:last:rounded-tr-lg bg-gray-50 dark:bg-gray-700 px-6 py-3 w-9/12"
                    colspan="1"
                    role="columnheader"
                    style="cursor: pointer;"
                    title="Toggle SortBy"
                  >
                    <div
                      class="text-gray-500 flex flex-row"
                    >
                      <span
                        class="translation active"
                      >
                        Language
                      </span>
                      <svg
                        aria-hidden="true"
                        class="w-4"
                        fill="currentColor"
                        viewBox="0 0 20 20"
                        xmlns="http://www.w3.org/2000/svg"
                      >
                        <path
                          clip-rule="evenodd"
                          d="M14.77 12.79a.75.75 0 01-1.06-.02L10 8.832 6.29 12.77a.75.75 0 11-1.08-1.04l4.25-4.5a.75.75 0 011.08 0l4.25 4.5a.75.75 0 01-.02 1.06z"
                          fill-rule="evenodd"
                        />
                      </svg>
                    </div>
                  </th>
                  <th
                    class="group-first/head:first:rounded-tl-lg group-first/head:last:rounded-tr-lg bg-gray-50 dark:bg-gray-700 px-6 py-3 text-center w-1/12"
                    colspan="1"
                    role="columnheader"
                  >
                    <div
                      class="text-gray-500 "
                    >
                      <span
                        class="translation active sr-only"
                      >
                        Default language
                      </span>
                    </div>
                  </th>
                  <th
                    class="group-first/head:first:rounded-tl-lg group-first/head:last:rounded-tr-lg bg-gray-50 dark:bg-gray-700 px-6 py-3 text-center w-1/12"
                    colspan="1"
                    role="columnheader"
                  >
                    <div
                      class="text-gray-500 "
                    >
                      <span
                        class="translation active sr-only"
                      >
                        Reset language
                      </span>
                    </div>
                  </th>
                  <th
                    class="group-first/head:first:rounded-tl-lg group-first/head:last:rounded-tr-lg bg-gray-50 dark:bg-gray-700 px-6 py-3 text-center w-1/12"
                    colspan="1"
                    role="columnheader"
                  >
                    <div
                      class="text-gray-500 "
                    >
                      <span
                        class="translation active sr-only"
                      >
                        Uninstall language
                      </span>
                    </div>
                  </th>
                </tr>
              </thead>
              <tbody
                class="group/body text-gray-900 divide-y"
                role="rowgroup"
              >
                <tr
                  class="group/row"
                  data-testid="table-row-element"
                  role="row"
                >
                  <td
                    class="group-first/body:group-first/row:first:rounded-tl-lg group-first/body:group-first/row:last:rounded-tr-lg group-last/body:group-last/row:first:rounded-bl-lg group-last/body:group-last/row:last:rounded-br-lg px-6 py-4"
                    role="cell"
                  >
                    <span
                      class="translation active"
                    >
                      Arabic (ar)
                    </span>
                  </td>
                  <td
                    class="group-first/body:group-first/row:first:rounded-tl-lg group-first/body:group-first/row:last:rounded-tr-lg group-last/body:group-last/row:first:rounded-bl-lg group-last/body:group-last/row:last:rounded-br-lg px-6 py-4"
                    role="cell"
                  >
                    <button
                      class="text-gray-700 disabled:text-gray-300 bg-white border-gray-200 enabled:hover:text-primary-700 text-sm px-5 py-2.5 disabled:cursor-not-allowed font-medium rounded-lg
      border focus:outline-none focus:ring-4 focus:ring-indigo-200 "
                      type="button"
                    >
                      <span
                        class="translation active sr-only"
                      >
                        Default
                      </span>
                      <svg
                        aria-hidden="true"
                        class=" w-5 text-white stroke-current stroke-gray-300 stroke-2"
                        fill="currentColor"
                        viewBox="0 0 20 20"
                        xmlns="http://www.w3.org/2000/svg"
                      >
                        <path
                          clip-rule="evenodd"
                          d="M10.868 2.884c-.321-.772-1.415-.772-1.736 0l-1.83 4.401-4.753.381c-.833.067-1.171 1.107-.536 1.651l3.62 3.102-1.106 4.637c-.194.813.691 1.456 1.405 1.02L10 15.591l4.069 2.485c.713.436 1.598-.207 1.404-1.02l-1.106-4.637 3.62-3.102c.635-.544.297-1.584-.536-1.65l-4.752-.382-1.831-4.401z"
                          fill-rule="evenodd"
                        />
                      </svg>
                    </button>
                  </td>
                  <td
                    class="group-first/body:group-first/row:first:rounded-tl-lg group-first/body:group-first/row:last:rounded-tr-lg group-last/body:group-last/row:first:rounded-bl-lg group-last/body:group-last/row:last:rounded-br-lg px-6 py-4"
                    role="cell"
                  >
                     
                  </td>
                  <td
                    class="group-first/body:group-first/row:first:rounded-tl-lg group-first/body:group-first/row:last:rounded-tr-lg group-last/body:group-last/row:first:rounded-bl-lg group-last/body:group-last/row:last:rounded-br-lg px-6 py-4"
                    role="cell"
                  >
                    <button
                      class="text-primary-700 bg-white border-primary-700 disabled:text-primary-300 disabled:border-primary-300 enabled:hover:bg-primary-800 enabled:hover:text-white enabled:hover:border-primary-800 text-sm px-5 py-2.5 disabled:cursor-not-allowed font-medium rounded-lg
      border focus:outline-none focus:ring-4 focus:ring-indigo-200 "
                      type="button"
                    >
                      <span
                        class="translation active"
                      >
                        Uninstall
                      </span>
                    </button>
                  </td>
                </tr>
                <tr
                  class="group/row"
                  data-testid="table-row-element"
                  role="row"
                >
                  <td
                    class="group-first/body:group-first/row:first:rounded-tl-lg group-first/body:group-first/row:last:rounded-tr-lg group-last/body:group-last/row:first:rounded-bl-lg group-last/body:group-last/row:last:rounded-br-lg px-6 py-4"
                    role="cell"
                  >
                    <span
                      class="translation active"
                    >
                      English (en)
                    </span>
                  </td>
                  <td
                    class="group-first/body:group-first/row:first:rounded-tl-lg group-first/body:group-first/row:last:rounded-tr-lg group-last/body:group-last/row:first:rounded-bl-lg group-last/body:group-last/row:last:rounded-br-lg px-6 py-4"
                    role="cell"
                  >
                    <button
                      class="text-gray-700 disabled:text-gray-300 bg-white border-gray-200 enabled:hover:text-primary-700 text-sm px-5 py-2.5 disabled:cursor-not-allowed font-medium rounded-lg
      border focus:outline-none focus:ring-4 focus:ring-indigo-200 "
                      type="button"
                    >
                      <span
                        class="translation active sr-only"
                      >
                        Default
                      </span>
                      <svg
                        aria-hidden="true"
                        class=" w-5 text-white stroke-current stroke-gray-300 stroke-2"
                        fill="currentColor"
                        viewBox="0 0 20 20"
                        xmlns="http://www.w3.org/2000/svg"
                      >
                        <path
                          clip-rule="evenodd"
                          d="M10.868 2.884c-.321-.772-1.415-.772-1.736 0l-1.83 4.401-4.753.381c-.833.067-1.171 1.107-.536 1.651l3.62 3.102-1.106 4.637c-.194.813.691 1.456 1.405 1.02L10 15.591l4.069 2.485c.713.436 1.598-.207 1.404-1.02l-1.106-4.637 3.62-3.102c.635-.544.297-1.584-.536-1.65l-4.752-.382-1.831-4.401z"
                          fill-rule="evenodd"
                        />
                      </svg>
                    </button>
                  </td>
                  <td
                    class="group-first/body:group-first/row:first:rounded-tl-lg group-first/body:group-first/row:last:rounded-tr-lg group-last/body:group-last/row:first:rounded-bl-lg group-last/body:group-last/row:last:rounded-br-lg px-6 py-4"
                    role="cell"
                  >
                     
                  </td>
                  <td
                    class="group-first/body:group-first/row:first:rounded-tl-lg group-first/body:group-first/row:last:rounded-tr-lg group-last/body:group-last/row:first:rounded-bl-lg group-last/body:group-last/row:last:rounded-br-lg px-6 py-4"
                    role="cell"
                  >
                    <button
                      class="text-primary-700 bg-white border-primary-700 disabled:text-primary-300 disabled:border-primary-300 enabled:hover:bg-primary-800 enabled:hover:text-white enabled:hover:border-primary-800 text-sm px-5 py-2.5 disabled:cursor-not-allowed font-medium rounded-lg
      border focus:outline-none focus:ring-4 focus:ring-indigo-200 "
                      type="button"
                    >
                      <span
                        class="translation active"
                      >
                        Uninstall
                      </span>
                    </button>
                  </td>
                </tr>
                <tr
                  class="group/row"
                  data-testid="table-row-element"
                  role="row"
                >
                  <td
                    class="group-first/body:group-first/row:first:rounded-tl-lg group-first/body:group-first/row:last:rounded-tr-lg group-last/body:group-last/row:first:rounded-bl-lg group-last/body:group-last/row:last:rounded-br-lg px-6 py-4"
                    role="cell"
                  >
                    <span
                      class="translation active"
                    >
                      Spanish (es)
                    </span>
                  </td>
                  <td
                    class="group-first/body:group-first/row:first:rounded-tl-lg group-first/body:group-first/row:last:rounded-tr-lg group-last/body:group-last/row:first:rounded-bl-lg group-last/body:group-last/row:last:rounded-br-lg px-6 py-4"
                    role="cell"
                  >
                    <button
                      class="text-white bg-primary-700 border-primary-700 disabled:bg-primary-300 disabled:border-primary-300 enabled:hover:bg-primary-800 enabled:hover:border-primary-800 text-sm px-5 py-2.5 disabled:cursor-not-allowed font-medium rounded-lg
      border focus:outline-none focus:ring-4 focus:ring-indigo-200 "
                      type="button"
                    >
                      <span
                        class="translation active sr-only"
                      >
                        Default
                      </span>
                      <svg
                        aria-hidden="true"
                        class="w-5"
                        fill="currentColor"
                        viewBox="0 0 20 20"
                        xmlns="http://www.w3.org/2000/svg"
                      >
                        <path
                          clip-rule="evenodd"
                          d="M10.868 2.884c-.321-.772-1.415-.772-1.736 0l-1.83 4.401-4.753.381c-.833.067-1.171 1.107-.536 1.651l3.62 3.102-1.106 4.637c-.194.813.691 1.456 1.405 1.02L10 15.591l4.069 2.485c.713.436 1.598-.207 1.404-1.02l-1.106-4.637 3.62-3.102c.635-.544.297-1.584-.536-1.65l-4.752-.382-1.831-4.401z"
                          fill-rule="evenodd"
                        />
                      </svg>
                    </button>
                  </td>
                  <td
                    class="group-first/body:group-first/row:first:rounded-tl-lg group-first/body:group-first/row:last:rounded-tr-lg group-last/body:group-last/row:first:rounded-bl-lg group-last/body:group-last/row:last:rounded-br-lg px-6 py-4"
                    role="cell"
                  >
                    <button
                      class="text-primary-700 bg-white border-primary-700 disabled:text-primary-300 disabled:border-primary-300 enabled:hover:bg-primary-800 enabled:hover:text-white enabled:hover:border-primary-800 text-sm px-5 py-2.5 disabled:cursor-not-allowed font-medium rounded-lg
      border focus:outline-none focus:ring-4 focus:ring-indigo-200 "
                      type="button"
                    >
                      <span
                        class="translation active"
                      >
                        Reset
                      </span>
                    </button>
                  </td>
                  <td
                    class="group-first/body:group-first/row:first:rounded-tl-lg group-first/body:group-first/row:last:rounded-tr-lg group-last/body:group-last/row:first:rounded-bl-lg group-last/body:group-last/row:last:rounded-br-lg px-6 py-4"
                    role="cell"
                  >
                     
                  </td>
                </tr>
              </tbody>
            </table>
          </div>
        </div>
      </div>
      <div
        class="fixed bottom-0 left-0 w-full p-1 bg-white border-t border-gray-200 lg:sticky z-1"
      >
        <div
          class="flex gap-2 p-2 pt-1"
        >
          <button
            class="text-white bg-primary-700 border-primary-700 disabled:bg-primary-300 disabled:border-primary-300 enabled:hover:bg-primary-800 enabled:hover:border-primary-800 text-sm px-5 py-2.5 disabled:cursor-not-allowed font-medium rounded-lg
      border focus:outline-none focus:ring-4 focus:ring-indigo-200 "
            type="button"
          >
            <span
              class="translation active"
            >
              Install language(s)
            </span>
          </button>
        </div>
      </div>
    </div>
  </div>
</div>
`;
