// Jest Snapshot v1, https://goo.gl/fbAQLP

exports[`ImportPanel rendering states should render a form 1`] = `
<SidePanel
  className="metadata-sidepanel"
  mode=""
  open={true}
>
  <div
    className="sidepanel-header"
  >
    <button
      className="closeSidepanel close-modal"
      onClick={[Function]}
      type="button"
    >
      <Connect(Icon)
        icon="times"
      />
    </button>
  </div>
  <div>
    <div
      className="alert alert-info"
    >
      <Connect(Icon)
        icon="info-circle"
        size="2x"
      />
      <div
        className="force-ltr"
      >
        <Translate>
          Upload a ZIP or CSV file.
        </Translate>
        Â 
        <a
          href="https://github.com/huridocs/uwazi/wiki/Import-CSV"
          rel="noopener noreferrer"
          target="_blank"
        >
          <Translate>
            Import instructions
          </Translate>
        </a>
      </div>
    </div>
    <LocalForm
      id="import"
      initialState={
        Object {
          "template": 234,
        }
      }
      model="local"
      onSubmit={[Function]}
    >
      <div
        className="form-group"
      >
        <ul
          className="search__filter"
        >
          <li>
            <label
              htmlFor="file"
            >
              <Translate>
                File
              </Translate>
            </label>
          </li>
          <li
            className="wide"
          >
            <DefaultConnectedControlFile
              accept=".zip,.csv"
              id="file"
              model=".file"
            />
          </li>
        </ul>
      </div>
      <div
        className="form-group"
      >
        <ul
          className="search__filter"
        >
          <li>
            <label
              htmlFor="template"
            >
              <Translate>
                Template
              </Translate>
            </label>
          </li>
          <li
            className="wide"
          >
            <DefaultConnectedControlSelect
              id="template"
              model=".template"
            >
              <option
                key="234"
                value={234}
              >
                superheroes
              </option>
            </DefaultConnectedControlSelect>
          </li>
        </ul>
      </div>
      <div
        className="form-group"
      />
    </LocalForm>
    <div
      className="sidepanel-footer"
    >
      <button
        className="btn btn-primary"
        form="import"
        id="import-csv"
        type="submit"
      >
        <Connect(Icon)
          icon="upload"
        />
        <span
          className="btn-label"
        >
          <Translate>
            Import
          </Translate>
        </span>
      </button>
    </div>
  </div>
</SidePanel>
`;

exports[`ImportPanel rendering states when the import starts should render an upload progress 1`] = `
<SidePanel
  className="metadata-sidepanel"
  mode=""
  open={true}
>
  <div
    className="sidepanel-header"
  >
    <button
      className="closeSidepanel close-modal"
      onClick={[Function]}
      type="button"
    >
      <Connect(Icon)
        icon="times"
      />
    </button>
  </div>
  <div
    className="alert alert-info"
  >
    <Connect(Icon)
      icon="info-circle"
      size="2x"
    />
    <div
      className="force-ltr"
    >
      <Translate>
        Uploading file
      </Translate>
       
      23
      %
    </div>
  </div>
</SidePanel>
`;

exports[`ImportPanel rendering states when the upload starts should render an upload progress 1`] = `
<SidePanel
  className="metadata-sidepanel"
  mode=""
  open={true}
>
  <div
    className="sidepanel-header"
  >
    <button
      className="closeSidepanel close-modal"
      onClick={[Function]}
      type="button"
    >
      <Connect(Icon)
        icon="times"
      />
    </button>
  </div>
  <div
    className="alert alert-info"
  >
    <Connect(Icon)
      icon="info-circle"
      size="2x"
    />
    <div
      className="force-ltr"
    >
      <Translate>
        Uploading file
      </Translate>
       
      23
      %
    </div>
  </div>
</SidePanel>
`;
