// Jest Snapshot v1, https://goo.gl/fbAQLP

exports[`search search multiselect aggregations allAggregations should return all aggregations 1`] = `
Array [
  "doc_count",
  "select1",
  "types",
  "multiselect1",
  "nestedField",
]
`;
