// Jest Snapshot v1, https://goo.gl/fbAQLP

exports[`ContactForm should render the ContactForm 1`] = `
<LocalForm
  className="contact-form"
  getDispatch={[Function]}
  initialState={Object {}}
  model="contactform"
  onSubmit={[Function]}
  validators={
    Object {
      "captcha": Object {
        "required": [Function],
      },
      "email": Object {
        "required": [Function],
      },
      "message": Object {
        "required": [Function],
      },
      "name": Object {
        "required": [Function],
      },
    }
  }
>
  <div
    className="form-group"
  >
    <label
      className="form-group-label"
      htmlFor="name"
    >
      <Connect(Translate)>
        Name
      </Connect(Translate)>
      <span
        className="required"
      >
        *
      </span>
    </label>
    <Modeled(Connect(Field))
      model=".name"
    >
      <input
        className="form-control"
        minLength={3}
        name="name"
        required={true}
        type="text"
      />
    </Modeled(Connect(Field))>
  </div>
  <div
    className="form-group"
  >
    <label
      className="form-group-label"
      htmlFor="email"
    >
      <Connect(Translate)>
        Email
      </Connect(Translate)>
      <span
        className="required"
      >
        *
      </span>
    </label>
    <Modeled(Connect(Field))
      model=".email"
    >
      <input
        className="form-control"
        name="email"
        required={true}
        type="email"
      />
    </Modeled(Connect(Field))>
  </div>
  <div
    className="form-group"
  >
    <label
      className="form-group-label"
      htmlFor="message"
    >
      <Connect(Translate)>
        Message
      </Connect(Translate)>
      <span
        className="required"
      >
        *
      </span>
    </label>
    <Modeled(Connect(Field))
      model=".message"
    >
      <textarea
        className="form-control"
        minLength={5}
        name="message"
        required={true}
      />
    </Modeled(Connect(Field))>
  </div>
  <Memo(CaptchaComponent)
    refresh={[Function]}
  />
  <button
    className="btn btn-success"
    type="submit"
  >
    <Connect(Icon)
      icon="paper-plane"
    />
    Â 
    <span
      className="btn-label"
    >
      <Connect(Translate)>
        Send
      </Connect(Translate)>
    </span>
  </button>
</LocalForm>
`;
