// Jest Snapshot v1, https://goo.gl/fbAQLP

exports[`ConfirmModal should render a confirm modal 1`] = `
<Modal
  className=""
  isOpen={true}
  type="danger"
  zIndex={100}
>
  <Body>
    <h4>
      <Translate>
        Confirm action
      </Translate>
    </h4>
    <p>
      <Translate>
        Are you sure you want to continue?
      </Translate>
    </p>
  </Body>
  <Footer>
    <button
      className="btn btn-default cancel-button"
      onClick={[Function]}
      type="button"
    >
      <Translate>
        Cancel
      </Translate>
    </button>
    <button
      className="btn confirm-button btn-danger"
      onClick={[Function]}
      type="button"
    >
      <Translate>
        Accept
      </Translate>
    </button>
  </Footer>
</Modal>
`;
