// Jest Snapshot v1, https://goo.gl/fbAQLP

exports[`ResultsFiltersPanel render should render search filters and instructions 1`] = `
<SidePanel
  mode=""
  open={true}
>
  <div
    className="sidepanel-body"
  >
    <div
      className="sidepanel-title"
    >
      <Translate
        context="System"
      >
        Fine tune
      </Translate>
    </div>
    <Connect(Form)
      model="semanticSearch.resultsFilters"
    >
      <div
        className="view"
      >
        <dl
          className="metadata-type-text"
          key="Threshold"
        >
          <dt>
            <Translate
              context="System"
            >
              Threshold
            </Translate>
             
            80.00%
          </dt>
          <dd>
            <NumericRangeSlide
              delay={200}
              max={1}
              maxLabel={
                <Translate
                  context="System"
                >
                  Precision
                </Translate>
              }
              min={0.3}
              minLabel={
                <Translate
                  context="System"
                >
                  Exploration
                </Translate>
              }
              model=".threshold"
              prefix="threshold"
              step={0.01}
            />
          </dd>
        </dl>
        <dl
          className="metadata-type-text"
          key="Minimum relevant sentences per document"
        >
          <dt>
            <Translate
              context="System"
            >
              Minimum relevant sentences per document
            </Translate>
             
          </dt>
          <dd>
            <NumericRangeSlide
              delay={200}
              max={50}
              maxLabel={
                <Translate
                  context="System"
                >
                  
                </Translate>
              }
              min={1}
              minLabel={
                <Translate
                  context="System"
                >
                  
                </Translate>
              }
              model=".minRelevantSentences"
              prefix="minRelevantSentences"
              step={1}
            />
          </dd>
        </dl>
      </div>
    </Connect(Form)>
    <div
      className="semantic-search-help"
    >
      <div
        className="alert alert-info alert-vertical"
      >
        <Connect(Icon)
          icon="info-circle"
          size="2x"
        />
        <p>
          <Translate
            translationKey="Semantic search overview"
          >
            Semantic search is a technique to provide contextual results. Its ability to capture concepts and word associations in human language enables the retrieval of related information such as synonyms, connected categories or entities, etc. .
          </Translate>
        </p>
        <p>
          <Translate
            translationKey="Semantic search threshold help"
          >
            The threshold determines how close the results match the search concept. Move the slider to the right to narrow down the concept of the search query. The obtained results will be more precise. Move the slider to the left to more broaden the concept and explore related content.
          </Translate>
        </p>
        <p>
          <Translate
            translationKey="Semantic search minimum sentences help"
          >
            Semantic search is applied to each sentence in a document. Filter the documents by the minimum number of sentences that exceed the threshold.
          </Translate>
        </p>
      </div>
    </div>
  </div>
</SidePanel>
`;
